[0m12:57:47.797060 [debug] [MainThread]: Sending event: {'category': 'dbt', 'action': 'invocation', 'label': 'start', 'context': [<snowplow_tracker.self_describing_json.SelfDescribingJson object at 0x00000224E9E18C90>, <snowplow_tracker.self_describing_json.SelfDescribingJson object at 0x00000224E9DE09D0>, <snowplow_tracker.self_describing_json.SelfDescribingJson object at 0x00000224E9CDC190>]}


============================== 12:57:47.811480 | 1bb81bbd-ffbc-4395-b4af-8726d0c2255d ==============================
[0m12:57:47.811480 [info ] [MainThread]: Running with dbt=1.12.5
[0m12:57:47.811480 [debug] [MainThread]: running dbt with arguments {'version_check': 'True', 'no_print': 'None', 'static_parser': 'True', 'warn_error_options': 'WarnErrorOptionsV2(error=[], warn=[], silence=[])', 'maximum_seed_size_mib': '1', 'target_path': 'None', 'printer_width': '80', 'write_json': 'True', 'empty': 'None', 'log_cache_events': 'False', 'introspect': 'True', 'cache_selected_only': 'False', 'log_format': 'default', 'debug': 'False', 'fail_fast': 'False', 'profiles_dir': 'C:\\Users\\viday\\.dbt', 'send_anonymous_usage_stats': 'True', 'quiet': 'False', 'warn_error': 'None', 'partial_parse': 'True', 'use_colors': 'True', 'hints_enabled': 'True', 'indirect_selection': 'eager', 'use_experimental_parser': 'False', 'invocation_command': 'dbt debug', 'log_path': 'logs'}
[0m12:57:47.931694 [info ] [MainThread]: dbt version: 1.12.5
[0m12:57:47.931694 [info ] [MainThread]: python version: 3.11.9
[0m12:57:47.931694 [info ] [MainThread]: python path: C:\Desktop\Coding\Portfolio Projects\Urban-Mobility-Platform\.venv\Scripts\python.exe
[0m12:57:47.931694 [info ] [MainThread]: os info: Windows-10-10.0.26200-SP0
[0m12:57:47.977219 [info ] [MainThread]: Using profiles dir at C:\Users\viday\.dbt
[0m12:57:47.977219 [info ] [MainThread]: Using profiles.yml file at C:\Users\viday\.dbt\profiles.yml
[0m12:57:47.977219 [info ] [MainThread]: Using dbt_project.yml file at C:\Desktop\Coding\Portfolio Projects\Urban-Mobility-Platform\dbt_project.yml
[0m12:57:47.977219 [info ] [MainThread]: adapter type: postgres
[0m12:57:47.977219 [info ] [MainThread]: adapter version: 1.11.0
[0m12:57:47.977219 [info ] [MainThread]: Configuration:
[0m12:57:47.977219 [info ] [MainThread]:   profiles.yml file [[32mOK found and valid[0m]
[0m12:57:47.977219 [info ] [MainThread]:   dbt_project.yml file [[31mERROR not found[0m]
[0m12:57:47.977219 [info ] [MainThread]: Required dependencies:
[0m12:57:47.977219 [debug] [MainThread]: Executing "git --help"
[0m12:57:48.028436 [debug] [MainThread]: STDOUT: "b"usage: git [-v | --version] [-h | --help] [-C <path>] [-c <name>=<value>]\n           [--exec-path[=<path>]] [--html-path] [--man-path] [--info-path]\n           [-p | --paginate | -P | --no-pager] [--no-replace-objects] [--no-lazy-fetch]\n           [--no-optional-locks] [--no-advice] [--bare] [--git-dir=<path>]\n           [--work-tree=<path>] [--namespace=<name>] [--config-env=<name>=<envvar>]\n           <command> [<args>]\n\nThese are common Git commands used in various situations:\n\nstart a working area (see also: git help tutorial)\n   clone      Clone a repository into a new directory\n   init       Create an empty Git repository or reinitialize an existing one\n\nwork on the current change (see also: git help everyday)\n   add        Add file contents to the index\n   mv         Move or rename a file, a directory, or a symlink\n   restore    Restore working tree files\n   rm         Remove files from the working tree and from the index\n\nexamine the history and state (see also: git help revisions)\n   bisect     Use binary search to find the commit that introduced a bug\n   diff       Show changes between commits, commit and working tree, etc\n   grep       Print lines matching a pattern\n   log        Show commit logs\n   show       Show various types of objects\n   status     Show the working tree status\n\ngrow, mark and tweak your common history\n   backfill   Download missing objects in a partial clone\n   branch     List, create, or delete branches\n   commit     Record changes to the repository\n   merge      Join two or more development histories together\n   rebase     Reapply commits on top of another base tip\n   reset      Reset current HEAD to the specified state\n   switch     Switch branches\n   tag        Create, list, delete or verify a tag object signed with GPG\n\ncollaborate (see also: git help workflows)\n   fetch      Download objects and refs from another repository\n   pull       Fetch from and integrate with another repository or a local branch\n   push       Update remote refs along with associated objects\n\n'git help -a' and 'git help -g' list available subcommands and some\nconcept guides. See 'git help <command>' or 'git help <concept>'\nto read about a specific subcommand or concept.\nSee 'git help git' for an overview of the system.\n""
[0m12:57:48.031594 [debug] [MainThread]: STDERR: "b''"
[0m12:57:48.031594 [info ] [MainThread]:  - git [[32mOK found[0m]

[0m12:57:48.031594 [info ] [MainThread]: Connection:
[0m12:57:48.033601 [info ] [MainThread]:   host: localhost
[0m12:57:48.033601 [info ] [MainThread]:   port: 5432
[0m12:57:48.033601 [info ] [MainThread]:   user: postgres
[0m12:57:48.035286 [info ] [MainThread]:   database: Urban_Mobility
[0m12:57:48.035286 [info ] [MainThread]:   schema: mobility
[0m12:57:48.035286 [info ] [MainThread]:   connect_timeout: 10
[0m12:57:48.035286 [info ] [MainThread]:   role: None
[0m12:57:48.035286 [info ] [MainThread]:   search_path: None
[0m12:57:48.035286 [info ] [MainThread]:   keepalives_idle: 0
[0m12:57:48.035286 [info ] [MainThread]:   sslmode: None
[0m12:57:48.038827 [info ] [MainThread]:   sslcert: None
[0m12:57:48.038827 [info ] [MainThread]:   sslkey: None
[0m12:57:48.039834 [info ] [MainThread]:   sslrootcert: None
[0m12:57:48.039834 [info ] [MainThread]:   application_name: dbt
[0m12:57:48.040834 [info ] [MainThread]:   autocommit: False
[0m12:57:48.040834 [info ] [MainThread]:   retries: 1
[0m12:57:48.041835 [info ] [MainThread]: Registered adapter: postgres=1.11.0
[0m12:57:48.389210 [debug] [MainThread]: Acquiring new postgres connection 'debug'
[0m12:57:48.476521 [debug] [MainThread]: Using postgres connection "debug"
[0m12:57:48.476521 [debug] [MainThread]: On debug: select 1 as id
[0m12:57:48.476521 [debug] [MainThread]: Opening a new connection, currently in state init
[0m12:57:48.524460 [debug] [MainThread]: SQL status: SELECT 1 in 0.053 seconds
[0m12:57:48.524460 [debug] [MainThread]: On debug: Close
[0m12:57:48.524460 [info ] [MainThread]:   Connection test: [[32mOK connection ok[0m]

[0m12:57:48.534453 [info ] [MainThread]: [31m1 check failed:[0m
[0m12:57:48.534453 [info ] [MainThread]: Project loading failed for the following reason:
 project path <C:\Desktop\Coding\Portfolio Projects\Urban-Mobility-Platform\dbt_project.yml> not found

[0m12:57:48.534453 [debug] [MainThread]: Command `dbt debug` failed at 12:57:48.534453 after 0.83 seconds
[0m12:57:48.534453 [debug] [MainThread]: Connection 'debug' was properly closed.
[0m12:57:48.537855 [debug] [MainThread]: Sending event: {'category': 'dbt', 'action': 'invocation', 'label': 'end', 'context': [<snowplow_tracker.self_describing_json.SelfDescribingJson object at 0x00000224E9D94590>, <snowplow_tracker.self_describing_json.SelfDescribingJson object at 0x00000224E9D95150>, <snowplow_tracker.self_describing_json.SelfDescribingJson object at 0x00000224E9CDC150>]}
[0m12:57:48.537855 [debug] [MainThread]: Flushing usage events
[0m12:57:49.850200 [debug] [MainThread]: An error was encountered while trying to flush usage events
